
> nexcrm@0.1.0 build
> next build

  Γû▓ Next.js 14.2.5

   Creating an optimized production build ...
 Γ£ô Compiled successfully
   Linting and checking validity of types ...
npm : 
At line:1 char:1
+ npm run build > build_output.log 
2>&1
+ 
~~~~~~~~~~~~~~~~~~~~~~~~~~~~~~~~~~~~~
    + CategoryInfo          : NotSpec 
   ified: (:String) [], RemoteExcept  
  ion
    + FullyQualifiedErrorId : NativeC 
   ommandError
 
Failed to compile.

./src/app/lead-intelligence/people/[id
]/page.tsx
553:83  Error: `'` can be escaped 
with `&apos;`, `&lsquo;`, `&#39;`, 
`&rsquo;`.  
react/no-unescaped-entities
553:134  Error: `'` can be escaped 
with `&apos;`, `&lsquo;`, `&#39;`, 
`&rsquo;`.  
react/no-unescaped-entities

./src/app/lead-intelligence/search/pag
e.tsx
186:35  Error: `'` can be escaped 
with `&apos;`, `&lsquo;`, `&#39;`, 
`&rsquo;`.  
react/no-unescaped-entities
271:72  Error: `"` can be escaped 
with `&quot;`, `&ldquo;`, `&#34;`, 
`&rdquo;`.  
react/no-unescaped-entities
271:133  Error: `"` can be escaped 
with `&quot;`, `&ldquo;`, `&#34;`, 
`&rdquo;`.  
react/no-unescaped-entities
287:86  Error: `"` can be escaped 
with `&quot;`, `&ldquo;`, `&#34;`, 
`&rdquo;`.  
react/no-unescaped-entities
287:95  Error: `"` can be escaped 
with `&quot;`, `&ldquo;`, `&#34;`, 
`&rdquo;`.  
react/no-unescaped-entities

./src/app/page.tsx
25:82  Error: `'` can be escaped with 
`&apos;`, `&lsquo;`, `&#39;`, 
`&rsquo;`.  
react/no-unescaped-entities
25:89  Error: `'` can be escaped with 
`&apos;`, `&lsquo;`, `&#39;`, 
`&rsquo;`.  
react/no-unescaped-entities

./src/components/lead-intelligence/Sav
edSearchBar.tsx
135:88  Error: `"` can be escaped 
with `&quot;`, `&ldquo;`, `&#34;`, 
`&rdquo;`.  
react/no-unescaped-entities
135:100  Error: `"` can be escaped 
with `&quot;`, `&ldquo;`, `&#34;`, 
`&rdquo;`.  
react/no-unescaped-entities

info  - Need to disable some ESLint 
rules? Learn more here: https://nextjs
.org/docs/basic-features/eslint#disabl
ing-rules
